[debug] [2026-07-15T00:47:07.824Z] ----------------------------------------------------------------------
[debug] [2026-07-15T00:47:07.827Z] Command:       C:\Program Files\nodejs\node.exe C:\Users\Envy\AppData\Local\npm-cache\_npx\7750544ccf494d8b\node_modules\firebase-tools\lib\bin\firebase.js deploy --only firestore:rules
[debug] [2026-07-15T00:47:07.827Z] CLI Version:   15.23.0
[debug] [2026-07-15T00:47:07.827Z] Platform:      win32
[debug] [2026-07-15T00:47:07.827Z] Node Version:  v25.9.0
[debug] [2026-07-15T00:47:07.827Z] Detected Agent: antigravity
[debug] [2026-07-15T00:47:07.827Z] Time:          Wed Jul 15 2026 03:47:07 GMT+0300 (East Africa Time)
[debug] [2026-07-15T00:47:07.828Z] ----------------------------------------------------------------------
[debug] 
[debug] [2026-07-15T00:47:07.859Z] >>> [apiv2][query] GET https://firebase-public.firebaseio.com/cli.json [none]
[debug] [2026-07-15T00:47:12.110Z] > command requires scopes: ["email","openid","https://www.googleapis.com/auth/cloudplatformprojects.readonly","https://www.googleapis.com/auth/firebase","https://www.googleapis.com/auth/cloud-platform"]
[debug] [2026-07-15T00:47:12.300Z] Error: Could not load the default credentials. Browse to https://cloud.google.com/docs/authentication/getting-started for more information.
    at GoogleAuth.getApplicationDefaultAsync (C:\Users\Envy\AppData\Local\npm-cache\_npx\7750544ccf494d8b\node_modules\google-auth-library\build\src\auth\googleauth.js:287:15)
    at process.processTicksAndRejections (node:internal/process/task_queues:104:5)
    at async GoogleAuth._GoogleAuth_determineClient (C:\Users\Envy\AppData\Local\npm-cache\_npx\7750544ccf494d8b\node_modules\google-auth-library\build\src\auth\googleauth.js:834:32)
    at async GoogleAuth.getClient (C:\Users\Envy\AppData\Local\npm-cache\_npx\7750544ccf494d8b\node_modules\google-auth-library\build\src\auth\googleauth.js:698:20)
    at async GoogleAuth.getAccessToken (C:\Users\Envy\AppData\Local\npm-cache\_npx\7750544ccf494d8b\node_modules\google-auth-library\build\src\auth\googleauth.js:722:24)
    at async autoAuth (C:\Users\Envy\AppData\Local\npm-cache\_npx\7750544ccf494d8b\node_modules\firebase-tools\lib\requireAuth.js:38:19)
    at async requireAuth (C:\Users\Envy\AppData\Local\npm-cache\_npx\7750544ccf494d8b\node_modules\firebase-tools\lib\requireAuth.js:100:20)
    at async requirePermissions (C:\Users\Envy\AppData\Local\npm-cache\_npx\7750544ccf494d8b\node_modules\firebase-tools\lib\requirePermissions.js:17:5)
    at async C:\Users\Envy\AppData\Local\npm-cache\_npx\7750544ccf494d8b\node_modules\firebase-tools\lib\command.js:278:17
[error] 
[error] Error: Failed to authenticate, have you run firebase login?
[debug] [2026-07-15T00:47:12.558Z] Error: EBUSY: resource busy or locked, unlink 'C:\Users\Envy\OneDrive\Documents\Tsehay Campus - ሙሉ የ Full-Stack ኢ-ለ\firebase-debug.log'
    at Object.unlinkSync (node:fs:1916:11)
    at process.<anonymous> (C:\Users\Envy\AppData\Local\npm-cache\_npx\7750544ccf494d8b\node_modules\firebase-tools\lib\bin\cli.js:69:16)
    at process.emit (node:events:521:24)
    at process.exit (node:internal/process/per_thread:236:15)
    at Timeout._onTimeout (C:\Users\Envy\AppData\Local\npm-cache\_npx\7750544ccf494d8b\node_modules\firebase-tools\lib\errorOut.js:20:17)
    at listOnTimeout (node:internal/timers:605:17)
    at process.processTimers (node:internal/timers:541:7)
[error] 
[error] Error: An unexpected error has occurred.
